Microchip MPLAB XC8 Compiler V1.33 ()

Linker command line:

--edf=C:\Program Files\Microchip\xc8\v1.33\dat\en_msgs.txt -cs \
  -h+dist/default/production\SSD1306.X.production.sym \
  --cmf=dist/default/production\SSD1306.X.production.cmf -z -Q18F46K22 \
  -oC:\Users\ofelia\AppData\Local\Temp\skoo.6 \
  -Mdist/default/production/SSD1306.X.production.map -E1 -ver=XC8 \
  -ASTACK=060h-09ffh -pstack=STACK -ACODE=00h-0FFFFh -ACONST=00h-0FFFFh \
  -ASMALLCONST=01000h-010FFhx240 -AMEDIUMCONST=01000h-0FFFFh \
  -ACOMRAM=01h-05Fh -AABS1=00h-0F37h -ABIGRAM=01h-0F37h \
  -ARAM=060h-0FFh,0100h-01FFhx14,0F00h-0F37h -ABANK0=060h-0FFh \
  -ABANK1=0100h-01FFh -ABANK2=0200h-02FFh -ABANK3=0300h-03FFh \
  -ABANK4=0400h-04FFh -ABANK5=0500h-05FFh -ABANK6=0600h-06FFh \
  -ABANK7=0700h-07FFh -ABANK8=0800h-08FFh -ABANK9=0900h-09FFh \
  -ABANK10=0A00h-0AFFh -ABANK11=0B00h-0BFFh -ABANK12=0C00h-0CFFh \
  -ABANK13=0D00h-0DFFh -ABANK14=0E00h-0EFFh -ABANK15=0F00h-0F37h \
  -ASFR=0F38h-0F5Fh,0F60h-0FFFh \
  -preset_vec=00h,intcode,intcodelo,powerup,init,end_init -pramtop=01000h \
  -psmallconst=SMALLCONST -pmediumconst=MEDIUMCONST -pconst=CONST \
  -AFARRAM=00h-00h -ACONFIG=0300000h-030000Dh -pconfig=CONFIG \
  -AIDLOC=0200000h-0200007h -pidloc=IDLOC -AEEDATA=0F00000h-0F003FFh \
  -peeprom_data=EEDATA \
  -prdata=COMRAM,nvrram=COMRAM,nvbit=COMRAM,rbss=COMRAM,rbit=COMRAM \
  -pfarbss=FARRAM,fardata=FARRAM,nvFARRAM=FARRAM \
  -pintsave_regs=BIGRAM,bigbss=BIGRAM,bigdata=BIGRAM -pbss=RAM \
  -pidata=CODE,irdata=CODE,ibigdata=CODE,ifardata=CODE \
  C:\Users\ofelia\AppData\Local\Temp\skoo.obj \
  dist/default/production\SSD1306.X.production.obj 

Object code version is 3.11

Machine type is 18F46K22

Call graph: (short form)




                Name                               Link     Load   Length Selector   Space Scale
C:\Users\ofelia\AppData\Local\Temp\skoo.obj
                end_init                              0        0        4        0       0
                idloc                            200000   200000        8   200000       0
                config                           300000   300000        E   300000       0
dist/default/production\SSD1306.X.production.obj
                mediumconst                        EA28     EA28     15D8     7514       0
                text24                             DFF2     DFF2       2C     6FF9       0
                text23                             DF64     DF64       1E     6FB2       0
                text22                             DF38     DF38       16     6F9C       0
                text21                             E04E     E04E       36     7027       0
                text20                             DF4E     DF4E       16     6FA7       0
                text19                             DFA2     DFA2       26     6FD1       0
                text18                             E3FC     E3FC       F2     71FE       0
                text17                             E126     E126       40     7093       0
                text16                             E1A8     E1A8       44     70D4       0
                text15                             E084     E084       36     7042       0
                text14                             DFC8     DFC8       2A     6FE4       0
                text13                             DF14     DF14       12     6F8A       0
                text12                             E338     E338       C4     719C       0
                text11                             E294     E294       A4     714A       0
                text10                             E01E     E01E       30     700F       0
                text9                              E0BA     E0BA       36     705D       0
                text8                              E23E     E23E       56     711F       0
                text7                              DF04     DF04        8     6F82       0
                text6                              DF0C     DF0C        8     6F86       0
                text5                              E0F0     E0F0       36     7078       0
                text4                              E1EC     E1EC       52     70F6       0
                text3                              E166     E166       42     70B3       0
                text2                              DF82     DF82       20     6FC1       0
                text1                              E76C     E76C      2BC     73B6       0
                text0                              E4EE     E4EE      27E     7277       0
                cstackCOMRAM                          1        1       37        1       1
                bssCOMRAM                            38       38        A        1       1
                cinit                              DF26     DF26       12     6F93       0

TOTAL           Name                               Link     Load   Length     Space
        CLASS   STACK          

        CLASS   CODE           
                end_init                              0        0        4         0
                text24                             DFF2     DFF2       2C         0
                text23                             DF64     DF64       1E         0
                text22                             DF38     DF38       16         0
                text21                             E04E     E04E       36         0
                text20                             DF4E     DF4E       16         0
                text19                             DFA2     DFA2       26         0
                text18                             E3FC     E3FC       F2         0
                text17                             E126     E126       40         0
                text16                             E1A8     E1A8       44         0
                text15                             E084     E084       36         0
                text14                             DFC8     DFC8       2A         0
                text13                             DF14     DF14       12         0
                text12                             E338     E338       C4         0
                text11                             E294     E294       A4         0
                text10                             E01E     E01E       30         0
                text9                              E0BA     E0BA       36         0
                text8                              E23E     E23E       56         0
                text7                              DF04     DF04        8         0
                text6                              DF0C     DF0C        8         0
                text5                              E0F0     E0F0       36         0
                text4                              E1EC     E1EC       52         0
                text3                              E166     E166       42         0
                text2                              DF82     DF82       20         0
                text1                              E76C     E76C      2BC         0
                text0                              E4EE     E4EE      27E         0
                cinit                              DF26     DF26       12         0

        CLASS   CONST          

        CLASS   SMALLCONST     

        CLASS   MEDIUMCONST    
                mediumconst                        EA28     EA28     15D8         0

        CLASS   COMRAM         
                cstackCOMRAM                          1        1       37         1
                bssCOMRAM                            38       38        A         1

        CLASS   ABS1           

        CLASS   BIGRAM         

        CLASS   RAM            

        CLASS   BANK0          

        CLASS   BANK1          

        CLASS   BANK2          

        CLASS   BANK3          

        CLASS   BANK4          

        CLASS   BANK5          

        CLASS   BANK6          

        CLASS   BANK7          

        CLASS   BANK8          

        CLASS   BANK9          

        CLASS   BANK10         

        CLASS   BANK11         

        CLASS   BANK12         

        CLASS   BANK13         

        CLASS   BANK14         

        CLASS   BANK15         

        CLASS   SFR            

        CLASS   FARRAM         

        CLASS   CONFIG         
                config                           300000   300000        E         0

        CLASS   IDLOC          
                idloc                            200000   200000        8         0

        CLASS   EEDATA         



SEGMENTS        Name                           Load    Length   Top    Selector   Space  Class

                reset_vec                      000000  000004  000004         0       0  CODE    
                cstackCOMRAM                   000001  000041  000042         1       1  COMRAM  
                text7                          00DF04  000008  00DF0C      6F82       0  CODE    
                text6                          00DF0C  000008  00DF14      6F86       0  CODE    
                text13                         00DF14  000012  00DF26      6F8A       0  CODE    
                cinit                          00DF26  000012  00DF38      6F93       0  CODE    
                text22                         00DF38  000016  00DF4E      6F9C       0  CODE    
                text20                         00DF4E  000016  00DF64      6FA7       0  CODE    
                text23                         00DF64  00001E  00DF82      6FB2       0  CODE    
                text2                          00DF82  000020  00DFA2      6FC1       0  CODE    
                text19                         00DFA2  000026  00DFC8      6FD1       0  CODE    
                text14                         00DFC8  00002A  00DFF2      6FE4       0  CODE    
                text24                         00DFF2  00002C  00E01E      6FF9       0  CODE    
                text10                         00E01E  000030  00E04E      700F       0  CODE    
                text21                         00E04E  000036  00E084      7027       0  CODE    
                text15                         00E084  000036  00E0BA      7042       0  CODE    
                text9                          00E0BA  000036  00E0F0      705D       0  CODE    
                text5                          00E0F0  000036  00E126      7078       0  CODE    
                text17                         00E126  000040  00E166      7093       0  CODE    
                text3                          00E166  000042  00E1A8      70B3       0  CODE    
                text16                         00E1A8  000044  00E1EC      70D4       0  CODE    
                text4                          00E1EC  000052  00E23E      70F6       0  CODE    
                text8                          00E23E  000056  00E294      711F       0  CODE    
                text11                         00E294  0000A4  00E338      714A       0  CODE    
                text12                         00E338  0000C4  00E3FC      719C       0  CODE    
                text18                         00E3FC  0000F2  00E4EE      71FE       0  CODE    
                text0                          00E4EE  00027E  00E76C      7277       0  CODE    
                text1                          00E76C  0002BC  00EA28      73B6       0  CODE    
                mediumconst                    00EA28  0015D8  010000      7514       0  MEDIUMCO
                idloc                          200000  000008  200008    200000       0  IDLOC   
                config                         300000  00000E  30000E    300000       0  CONFIG  


UNUSED ADDRESS RANGES

        Name                Unused          Largest block    Delta
        BANK0            000060-0000FF               A0
        BANK1            000100-0001FF              100
        BANK10           000A00-000AFF              100
        BANK11           000B00-000BFF              100
        BANK12           000C00-000CFF              100
        BANK13           000D00-000DFF              100
        BANK14           000E00-000EFF              100
        BANK15           000F00-000F37               38
        BANK2            000200-0002FF              100
        BANK3            000300-0003FF              100
        BANK4            000400-0004FF              100
        BANK5            000500-0005FF              100
        BANK6            000600-0006FF              100
        BANK7            000700-0007FF              100
        BANK8            000800-0008FF              100
        BANK9            000900-0009FF              100
        BIGRAM           000042-000F37              EF6
        CODE             000004-00DF03             DF00
        COMRAM           000042-00005F               1E
        CONST            000004-00DF03             DF00
        EEDATA           F00000-F003FF              400
        MEDIUMCONST      001000-00DF03             CF04
        RAM              000060-000F37              100
        SFR              000F38-000FFF               28
        SMALLCONST       001000-00DF03              100
        STACK            000060-0009FF              9A0

                                  Symbol Table

?___awdiv                         cstackCOMRAM 000001
?___lwdiv                         cstackCOMRAM 000001
?___lwmod                         cstackCOMRAM 000008
?___wmul                          cstackCOMRAM 000001
?_sprintf                         cstackCOMRAM 00000D
Delay_ms@data_ms                  cstackCOMRAM 000001
Delay_ms@data_ms1                 cstackCOMRAM 000004
Oled_Command@cmd                  cstackCOMRAM 000003
Oled_ConstText@buffer             cstackCOMRAM 000013
Oled_ConstText@pag                cstackCOMRAM 000016
Oled_ConstText@seg                cstackCOMRAM 000015
Oled_ConstText@x_seg              cstackCOMRAM 000017
Oled_Delay@i                      cstackCOMRAM 000002
Oled_FillScreen@i                 cstackCOMRAM 00000A
Oled_FillScreen@j                 cstackCOMRAM 000009
Oled_FillScreen@pattern           cstackCOMRAM 000008
Oled_Image@buffer                 cstackCOMRAM 000008
Oled_Image@i                      cstackCOMRAM 00000B
Oled_Image@j                      cstackCOMRAM 00000A
Oled_SetFont@_font                cstackCOMRAM 000009
Oled_SetFont@_height              cstackCOMRAM 00000C
Oled_SetFont@_max                 cstackCOMRAM 00000E
Oled_SetFont@_min                 cstackCOMRAM 00000D
Oled_SetFont@_width               cstackCOMRAM 00000B
Oled_SetPointer@hig_column        cstackCOMRAM 000007
Oled_SetPointer@low_column        cstackCOMRAM 000005
Oled_SetPointer@pag               cstackCOMRAM 000004
Oled_SetPointer@seg               cstackCOMRAM 000006
Oled_Text@buffer                  cstackCOMRAM 000013
Oled_Text@pag                     cstackCOMRAM 000016
Oled_Text@seg                     cstackCOMRAM 000015
Oled_Text@x_seg                   cstackCOMRAM 000017
Oled_WriteChar@c                  cstackCOMRAM 00000C
Oled_WriteChar@i                  cstackCOMRAM 00000E
Oled_WriteChar@j                  cstackCOMRAM 000011
Oled_WriteChar@pag                cstackCOMRAM 000009
Oled_WriteChar@seg                cstackCOMRAM 000008
Oled_WriteChar@x_seg              cstackCOMRAM 000010
Oled_WriteChar@y_pag              cstackCOMRAM 00000D
Oled_WriteRam@dat                 cstackCOMRAM 000003
OpenSPI1@bus_mode                 cstackCOMRAM 000001
OpenSPI1@smp_phase                cstackCOMRAM 000002
OpenSPI1@sync_mode                cstackCOMRAM 000003
Right_HorizontalScroll@end_page   cstackCOMRAM 000004
Right_HorizontalScroll@set_time   cstackCOMRAM 000005
Right_HorizontalScroll@start_page cstackCOMRAM 000006
WriteSPI1@TempVar                 cstackCOMRAM 000001
WriteSPI1@data_out                cstackCOMRAM 000002
_ANSELA                           (abs)        000F38
_ANSELB                           (abs)        000F39
_ANSELC                           (abs)        000F3A
_ANSELD                           (abs)        000F3B
_ANSELE                           (abs)        000F3C
_Activate_Scroll                  text7        00DF04
_Deactivate_Scroll                text6        00DF0C
_Delay_ms                         text24       00DFF2
_Font_6x8                         mediumconst  00FD8C
_LATDbits                         (abs)        000F8C
_OSCCON                           (abs)        000FD3
_OSCTUNEbits                      (abs)        000F9B
_Oled_Command                     text22       00DF38
_Oled_ConstText                   text17       00E126
_Oled_Delay                       text14       00DFC8
_Oled_FillScreen                  text15       00E084
_Oled_Image                       text16       00E1A8
_Oled_Init                        text12       00E338
_Oled_Reset                       text13       00DF14
_Oled_SetFont                     text10       00E01E
_Oled_SetPointer                  text21       00E04E
_Oled_Text                        text9        00E0BA
_Oled_WriteChar                   text18       00E3FC
_Oled_WriteRam                    text20       00DF4E
_OpenSPI1                         text8        00E23E
_PIR1bits                         (abs)        000F9E
_PORTA                            (abs)        000F80
_PORTB                            (abs)        000F81
_PORTC                            (abs)        000F82
_PORTD                            (abs)        000F83
_PORTE                            (abs)        000F84
_Right_HorizontalScroll           text5        00E0F0
_SSP1BUF                          (abs)        000FC9
_SSP1CON1                         (abs)        000FC6
_SSP1CON1bits                     (abs)        000FC6
_SSP1STAT                         (abs)        000FC7
_SSP1STATbits                     (abs)        000FC7
_Segment_25x40                    mediumconst  00F333
_TRISA                            (abs)        000F92
_TRISAbits                        (abs)        000F92
_TRISB                            (abs)        000F93
_TRISC                            (abs)        000F94
_TRISCbits                        (abs)        000F94
_TRISD                            (abs)        000F95
_TRISDbits                        (abs)        000F95
_TRISE                            (abs)        000F96
_Terminal12x16                    mediumconst  00EA33
_WriteSPI1                        text23       00DF64
__CFG_BOREN$SBORDIS               (abs)        000000
__CFG_BORV$190                    (abs)        000000
__CFG_CCP2MX$PORTC1               (abs)        000000
__CFG_CCP3MX$PORTB5               (abs)        000000
__CFG_CP0$OFF                     (abs)        000000
__CFG_CP1$OFF                     (abs)        000000
__CFG_CP2$OFF                     (abs)        000000
__CFG_CP3$OFF                     (abs)        000000
__CFG_CPB$OFF                     (abs)        000000
__CFG_CPD$OFF                     (abs)        000000
__CFG_EBTR0$OFF                   (abs)        000000
__CFG_EBTR1$OFF                   (abs)        000000
__CFG_EBTR2$OFF                   (abs)        000000
__CFG_EBTR3$OFF                   (abs)        000000
__CFG_EBTRB$OFF                   (abs)        000000
__CFG_FCMEN$OFF                   (abs)        000000
__CFG_FOSC$INTIO67                (abs)        000000
__CFG_HFOFST$ON                   (abs)        000000
__CFG_IESO$OFF                    (abs)        000000
__CFG_LVP$OFF                     (abs)        000000
__CFG_MCLRE$INTMCLR               (abs)        000000
__CFG_P2BMX$PORTD2                (abs)        000000
__CFG_PBADEN$ON                   (abs)        000000
__CFG_PLLCFG$OFF                  (abs)        000000
__CFG_PRICLKEN$ON                 (abs)        000000
__CFG_PWRTEN$OFF                  (abs)        000000
__CFG_STVREN$ON                   (abs)        000000
__CFG_T3CMX$PORTC0                (abs)        000000
__CFG_WDTEN$OFF                   (abs)        000000
__CFG_WDTPS$32768                 (abs)        000000
__CFG_WRT0$OFF                    (abs)        000000
__CFG_WRT1$OFF                    (abs)        000000
__CFG_WRT2$OFF                    (abs)        000000
__CFG_WRT3$OFF                    (abs)        000000
__CFG_WRTB$OFF                    (abs)        000000
__CFG_WRTC$OFF                    (abs)        000000
__CFG_WRTD$OFF                    (abs)        000000
__CFG_XINST$OFF                   (abs)        000000
__HRAM                            (abs)        000000
__Habs1                           abs1         000000
__Hbank0                          bank0        000000
__Hbank1                          bank1        000000
__Hbank10                         bank10       000000
__Hbank11                         bank11       000000
__Hbank12                         bank12       000000
__Hbank13                         bank13       000000
__Hbank14                         bank14       000000
__Hbank15                         bank15       000000
__Hbank2                          bank2        000000
__Hbank3                          bank3        000000
__Hbank4                          bank4        000000
__Hbank5                          bank5        000000
__Hbank6                          bank6        000000
__Hbank7                          bank7        000000
__Hbank8                          bank8        000000
__Hbank9                          bank9        000000
__Hbigbss                         bigbss       000000
__Hbigdata                        bigdata      000000
__Hbigram                         bigram       000000
__Hbss                            bss          000000
__HbssCOMRAM                      bssCOMRAM    000000
__Hcinit                          cinit        000000
__Hclrtext                        clrtext      000000
__Hcomram                         comram       000000
__Hconfig                         config       30000E
__Hconst                          const        000000
__HcstackCOMRAM                   cstackCOMRAM 000000
__Hdata                           data         000000
__Heeprom_data                    eeprom_data  000000
__Hend_init                       end_init     000004
__Hfarbss                         farbss       000000
__Hfardata                        fardata      000000
__Hibigdata                       ibigdata     000000
__Hidata                          idata        000000
__Hidloc                          idloc        200008
__Hifardata                       ifardata     000000
__Hinit                           init         000000
__Hintcode                        intcode      000000
__Hintcode_body                   intcode_body 000000
__Hintcodelo                      intcodelo    000000
__Hintentry                       intentry     000000
__Hintret                         intret       000000
__Hintsave_regs                   intsave_regs 000000
__Hirdata                         irdata       000000
__Hmediumconst                    mediumconst  010000
__HnvFARRAM                       nvFARRAM     000000
__Hnvbit                          nvbit        000000
__Hnvrram                         nvrram       000000
__Hparam                          rparam       000000
__Hpowerup                        powerup      000000
__Hram                            ram          000000
__Hramtop                         ramtop       001000
__Hrbit                           rbit         000000
__Hrbss                           rbss         000000
__Hrdata                          rdata        000000
__Hreset_vec                      reset_vec    000000
__Hrparam                         rparam       000000
__Hsfr                            sfr          000000
__Hsmallconst                     smallconst   000000
__Hspace_0                        (abs)        30000E
__Hspace_1                        (abs)        000042
__Hspace_2                        (abs)        000000
__Hstack                          stack        000000
__Hstruct                         struct       000000
__Htemp                           temp         000000
__Htext                           text         000000
__Htext0                          text0        000000
__Htext1                          text1        000000
__Htext10                         text10       000000
__Htext11                         text11       000000
__Htext12                         text12       000000
__Htext13                         text13       000000
__Htext14                         text14       000000
__Htext15                         text15       000000
__Htext16                         text16       000000
__Htext17                         text17       000000
__Htext18                         text18       000000
__Htext19                         text19       000000
__Htext2                          text2        000000
__Htext20                         text20       000000
__Htext21                         text21       000000
__Htext22                         text22       000000
__Htext23                         text23       000000
__Htext24                         text24       000000
__Htext3                          text3        000000
__Htext4                          text4        000000
__Htext5                          text5        000000
__Htext6                          text6        000000
__Htext7                          text7        000000
__Htext8                          text8        000000
__Htext9                          text9        000000
__LRAM                            (abs)        000001
__Labs1                           abs1         000000
__Lbank0                          bank0        000000
__Lbank1                          bank1        000000
__Lbank10                         bank10       000000
__Lbank11                         bank11       000000
__Lbank12                         bank12       000000
__Lbank13                         bank13       000000
__Lbank14                         bank14       000000
__Lbank15                         bank15       000000
__Lbank2                          bank2        000000
__Lbank3                          bank3        000000
__Lbank4                          bank4        000000
__Lbank5                          bank5        000000
__Lbank6                          bank6        000000
__Lbank7                          bank7        000000
__Lbank8                          bank8        000000
__Lbank9                          bank9        000000
__Lbigbss                         bigbss       000000
__Lbigdata                        bigdata      000000
__Lbigram                         bigram       000000
__Lbss                            bss          000000
__LbssCOMRAM                      bssCOMRAM    000000
__Lcinit                          cinit        000000
__Lclrtext                        clrtext      000000
__Lcomram                         comram       000000
__Lconfig                         config       300000
__Lconst                          const        000000
__LcstackCOMRAM                   cstackCOMRAM 000000
__Ldata                           data         000000
__Leeprom_data                    eeprom_data  000000
__Lend_init                       end_init     000000
__Lfarbss                         farbss       000000
__Lfardata                        fardata      000000
__Libigdata                       ibigdata     000000
__Lidata                          idata        000000
__Lidloc                          idloc        200000
__Lifardata                       ifardata     000000
__Linit                           init         000000
__Lintcode                        intcode      000000
__Lintcode_body                   intcode_body 000000
__Lintcodelo                      intcodelo    000000
__Lintentry                       intentry     000000
__Lintret                         intret       000000
__Lintsave_regs                   intsave_regs 000000
__Lirdata                         irdata       000000
__Lmediumconst                    mediumconst  00EA28
__LnvFARRAM                       nvFARRAM     000000
__Lnvbit                          nvbit        000000
__Lnvrram                         nvrram       000000
__Lparam                          rparam       000000
__Lpowerup                        powerup      000000
__Lram                            ram          000000
__Lramtop                         ramtop       001000
__Lrbit                           rbit         000000
__Lrbss                           rbss         000000
__Lrdata                          rdata        000000
__Lreset_vec                      reset_vec    000000
__Lrparam                         rparam       000000
__Lsfr                            sfr          000000
__Lsmallconst                     smallconst   000000
__Lspace_0                        (abs)        000000
__Lspace_1                        (abs)        000000
__Lspace_2                        (abs)        000000
__Lstack                          stack        000000
__Lstruct                         struct       000000
__Ltemp                           temp         000000
__Ltext                           text         000000
__Ltext0                          text0        000000
__Ltext1                          text1        000000
__Ltext10                         text10       000000
__Ltext11                         text11       000000
__Ltext12                         text12       000000
__Ltext13                         text13       000000
__Ltext14                         text14       000000
__Ltext15                         text15       000000
__Ltext16                         text16       000000
__Ltext17                         text17       000000
__Ltext18                         text18       000000
__Ltext19                         text19       000000
__Ltext2                          text2        000000
__Ltext20                         text20       000000
__Ltext21                         text21       000000
__Ltext22                         text22       000000
__Ltext23                         text23       000000
__Ltext24                         text24       000000
__Ltext3                          text3        000000
__Ltext4                          text4        000000
__Ltext5                          text5        000000
__Ltext6                          text6        000000
__Ltext7                          text7        000000
__Ltext8                          text8        000000
__Ltext9                          text9        000000
__S0                              (abs)        30000E
__S1                              (abs)        000042
__S2                              (abs)        000000
___awdiv                          text11       00E294
___awdiv@counter                  cstackCOMRAM 000005
___awdiv@dividend                 cstackCOMRAM 000001
___awdiv@divisor                  cstackCOMRAM 000003
___awdiv@quotient                 cstackCOMRAM 000007
___awdiv@sign                     cstackCOMRAM 000006
___inthi_sp                       stack        000000
___intlo_sp                       stack        000000
___lwdiv                          text4        00E1EC
___lwdiv@counter                  cstackCOMRAM 000007
___lwdiv@dividend                 cstackCOMRAM 000001
___lwdiv@divisor                  cstackCOMRAM 000003
___lwdiv@quotient                 cstackCOMRAM 000005
___lwmod                          text3        00E166
___lwmod@counter                  cstackCOMRAM 00000C
___lwmod@dividend                 cstackCOMRAM 000008
___lwmod@divisor                  cstackCOMRAM 00000A
___sp                             stack        000000
___wmul                           text19       00DFA2
___wmul@multiplicand              cstackCOMRAM 000003
___wmul@multiplier                cstackCOMRAM 000001
___wmul@product                   cstackCOMRAM 000005
__accesstop                       (abs)        000060
__activetblptr                    (abs)        000003
__end_of_Activate_Scroll          text7        00DF0C
__end_of_Deactivate_Scroll        text6        00DF14
__end_of_Delay_ms                 text24       00E01E
__end_of_Font_6x8                 mediumconst  00FFCC
__end_of_Oled_Command             text22       00DF4E
__end_of_Oled_ConstText           text17       00E166
__end_of_Oled_Delay               text14       00DFF2
__end_of_Oled_FillScreen          text15       00E0BA
__end_of_Oled_Image               text16       00E1EC
__end_of_Oled_Init                text12       00E3FC
__end_of_Oled_Reset               text13       00DF26
__end_of_Oled_SetFont             text10       00E04E
__end_of_Oled_SetPointer          text21       00E084
__end_of_Oled_Text                text9        00E0F0
__end_of_Oled_WriteChar           text18       00E4EE
__end_of_Oled_WriteRam            text20       00DF64
__end_of_OpenSPI1                 text8        00E294
__end_of_Right_HorizontalScroll   text5        00E126
__end_of_Segment_25x40            mediumconst  00F98C
__end_of_Terminal12x16            mediumconst  00F333
__end_of_WriteSPI1                text23       00DF82
__end_of___awdiv                  text11       00E338
__end_of___lwdiv                  text4        00E23E
__end_of___lwmod                  text3        00E1A8
__end_of___wmul                   text19       00DFC8
__end_of__initialization          cinit        00DF32
__end_of__stringdata              mediumconst  00FFFF
__end_of_dpowers                  mediumconst  00EA33
__end_of_isdigit                  text2        00DFA2
__end_of_main                     text0        00E76C
__end_of_sprintf                  text1        00EA28
__end_of_truck_bmp                mediumconst  00FD8C
__initialization                  cinit        00DF26
__mediumconst                     mediumconst  00EA28
__pbssCOMRAM                      bssCOMRAM    000038
__pcinit                          cinit        00DF26
__pcstackCOMRAM                   cstackCOMRAM 000001
__pmediumconst                    mediumconst  00EA28
__ptext0                          text0        00E4EE
__ptext1                          text1        00E76C
__ptext10                         text10       00E01E
__ptext11                         text11       00E294
__ptext12                         text12       00E338
__ptext13                         text13       00DF14
__ptext14                         text14       00DFC8
__ptext15                         text15       00E084
__ptext16                         text16       00E1A8
__ptext17                         text17       00E126
__ptext18                         text18       00E3FC
__ptext19                         text19       00DFA2
__ptext2                          text2        00DF82
__ptext20                         text20       00DF4E
__ptext21                         text21       00E04E
__ptext22                         text22       00DF38
__ptext23                         text23       00DF64
__ptext24                         text24       00DFF2
__ptext3                          text3        00E166
__ptext4                          text4        00E1EC
__ptext5                          text5        00E0F0
__ptext6                          text6        00DF0C
__ptext7                          text7        00DF04
__ptext8                          text8        00E23E
__ptext9                          text9        00E0BA
__ramtop                          ramtop       001000
__size_of_Activate_Scroll         (abs)        000000
__size_of_Deactivate_Scroll       (abs)        000000
__size_of_Delay_ms                (abs)        000000
__size_of_Oled_Command            (abs)        000000
__size_of_Oled_ConstText          (abs)        000000
__size_of_Oled_Delay              (abs)        000000
__size_of_Oled_FillScreen         (abs)        000000
__size_of_Oled_Image              (abs)        000000
__size_of_Oled_Init               (abs)        000000
__size_of_Oled_Reset              (abs)        000000
__size_of_Oled_SetFont            (abs)        000000
__size_of_Oled_SetPointer         (abs)        000000
__size_of_Oled_Text               (abs)        000000
__size_of_Oled_WriteChar          (abs)        000000
__size_of_Oled_WriteRam           (abs)        000000
__size_of_OpenSPI1                (abs)        000000
__size_of_Right_HorizontalScroll  (abs)        000000
__size_of_WriteSPI1               (abs)        000000
__size_of___awdiv                 (abs)        000000
__size_of___lwdiv                 (abs)        000000
__size_of___lwmod                 (abs)        000000
__size_of___wmul                  (abs)        000000
__size_of_isdigit                 (abs)        000000
__size_of_main                    (abs)        000000
__size_of_sprintf                 (abs)        000000
__smallconst                      smallconst   000000
__stringdata                      mediumconst  00FFCC
_dpowers                          mediumconst  00EA29
_font                             bssCOMRAM    000038
_font2                            bssCOMRAM    00003B
_height                           bssCOMRAM    00003E
_isdigit                          text2        00DF82
_isdigit$1174                     cstackCOMRAM 000002
_main                             text0        00E4EE
_max                              bssCOMRAM    00003F
_min                              bssCOMRAM    000040
_sprintf                          text1        00E76C
_truck_bmp                        mediumconst  00F98C
_width                            bssCOMRAM    000041
end_of_initialization             cinit        00DF32
intlevel0                         text         000000
intlevel1                         text         000000
intlevel2                         text         000000
intlevel3                         text         000000
isdigit@c                         cstackCOMRAM 000003
main@buffer2                      cstackCOMRAM 000023
main@i                            cstackCOMRAM 000037
sprintf@_val                      cstackCOMRAM 00001A
sprintf@ap                        cstackCOMRAM 000017
sprintf@c                         cstackCOMRAM 000022
sprintf@f                         cstackCOMRAM 00000F
sprintf@flag                      cstackCOMRAM 00001F
sprintf@prec                      cstackCOMRAM 000019
sprintf@sp                        cstackCOMRAM 00000D
sprintf@width                     cstackCOMRAM 000020
stackhi                           (abs)        0009FF
stacklo                           (abs)        000060
start                             init         000000
start_initialization              cinit        00DF26


FUNCTION INFORMATION:

 *************** function _main *****************
 Defined at:
		line 18 in file "main.c"
 Parameters:    Size  Location     Type
		None
 Auto vars:     Size  Location     Type
  buffer2        20   34[COMRAM] unsigned char [20]
  i               1   54[COMRAM] unsigned char 
 Return value:  Size  Location     Type
		None               void
 Registers used:
		wreg, fsr2l, fsr2h, status,2, status,0, tblptrl, tblptrh, tblptru, prodl, prodh, cstack
 Tracked objects:
		On entry : 
		On exit  : 
		Unchanged: 
 Data sizes:     COMRAM   BANK0   BANK1   BANK2   BANK3   BANK4   BANK5   BANK6   BANK7   BANK8   BANK9  BANK10  BANK11  BANK12  BANK13  BANK14  BANK15
      Params:         0       0       0       0       0       0       0       0       0       0       0       0       0       0       0       0       0
      Locals:        21       0       0       0       0       0       0       0       0       0       0       0       0       0       0       0       0
      Temps:          0       0       0       0       0       0       0       0       0       0       0       0       0       0       0       0       0
      Totals:        21       0       0       0       0       0       0       0       0       0       0       0       0       0       0       0       0
Total ram usage:       21 bytes
 Hardware stack levels required when called:    5
 This function calls:
		_Activate_Scroll
		_Delay_ms
		_Oled_ConstText
		_Oled_FillScreen
		_Oled_Image
		_Oled_Init
		_Oled_SetFont
		_Oled_Text
		_Oled_WriteChar
		_OpenSPI1
		_Right_HorizontalScroll
		_sprintf
 This function is called by:
		Startup code after reset
 This function uses a non-reentrant model


 *************** function _sprintf *****************
 Defined at:
		line 492 in file "C:\Program Files\Microchip\xc8\v1.33\sources\common\doprnt.c"
 Parameters:    Size  Location     Type
  sp              2   12[COMRAM] PTR unsigned char 
		 -> main@buffer2(20), 
  f               2   14[COMRAM] PTR const unsigned char 
		 -> STR_6(5), 
 Auto vars:     Size  Location     Type
  _val            5   25[COMRAM] struct .
  width           2   31[COMRAM] int 
  ap              2   22[COMRAM] PTR void [1]
		 -> ?_sprintf(2), 
  c               1   33[COMRAM] char 
  flag            1   30[COMRAM] unsigned char 
  prec            1   24[COMRAM] char 
 Return value:  Size  Location     Type
                  2   12[COMRAM] int 
 Registers used:
		wreg, fsr2l, fsr2h, status,2, status,0, tblptrl, tblptrh, tblptru, prodl, prodh, cstack
 Tracked objects:
		On entry : 
		On exit  : 
		Unchanged: 
 Data sizes:     COMRAM   BANK0   BANK1   BANK2   BANK3   BANK4   BANK5   BANK6   BANK7   BANK8   BANK9  BANK10  BANK11  BANK12  BANK13  BANK14  BANK15
      Params:         6       0       0       0       0       0       0       0       0       0       0       0       0       0       0       0       0
      Locals:        12       0       0       0       0       0       0       0       0       0       0       0       0       0       0       0       0
      Temps:          4       0       0       0       0       0       0       0       0       0       0       0       0       0       0       0       0
      Totals:        22       0       0       0       0       0       0       0       0       0       0       0       0       0       0       0       0
Total ram usage:       22 bytes
 Hardware stack levels used:    1
 Hardware stack levels required when called:    1
 This function calls:
		___lwdiv
		___lwmod
		___wmul
		_isdigit
 This function is called by:
		_main
 This function uses a non-reentrant model


 *************** function _isdigit *****************
 Defined at:
		line 8 in file "C:\Program Files\Microchip\xc8\v1.33\sources\common\isdigit.c"
 Parameters:    Size  Location     Type
  c               1    wreg     unsigned char 
 Auto vars:     Size  Location     Type
  c               1    2[COMRAM] unsigned char 
 Return value:  Size  Location     Type
		None               void
 Registers used:
		wreg, status,2, status,0
 Tracked objects:
		On entry : 
		On exit  : 
		Unchanged: 
 Data sizes:     COMRAM   BANK0   BANK1   BANK2   BANK3   BANK4   BANK5   BANK6   BANK7   BANK8   BANK9  BANK10  BANK11  BANK12  BANK13  BANK14  BANK15
      Params:         0       0       0       0       0       0       0       0       0       0       0       0       0       0       0       0       0
      Locals:         2       0       0       0       0       0       0       0       0       0       0       0       0       0       0       0       0
      Temps:          1       0       0       0       0       0       0       0       0       0       0       0       0       0       0       0       0
      Totals:         3       0       0       0       0       0       0       0       0       0       0       0       0       0       0       0       0
Total ram usage:        3 bytes
 Hardware stack levels used:    1
 This function calls:
		Nothing
 This function is called by:
		_sprintf
 This function uses a non-reentrant model


 *************** function ___lwmod *****************
 Defined at:
		line 8 in file "C:\Program Files\Microchip\xc8\v1.33\sources\common\lwmod.c"
 Parameters:    Size  Location     Type
  dividend        2    7[COMRAM] unsigned int 
  divisor         2    9[COMRAM] unsigned int 
 Auto vars:     Size  Location     Type
  counter         1   11[COMRAM] unsigned char 
 Return value:  Size  Location     Type
                  2    7[COMRAM] unsigned int 
 Registers used:
		wreg, status,2, status,0
 Tracked objects:
		On entry : 
		On exit  : 
		Unchanged: 
 Data sizes:     COMRAM   BANK0   BANK1   BANK2   BANK3   BANK4   BANK5   BANK6   BANK7   BANK8   BANK9  BANK10  BANK11  BANK12  BANK13  BANK14  BANK15
      Params:         4       0       0       0       0       0       0       0       0       0       0       0       0       0       0       0       0
      Locals:         1       0       0       0       0       0       0       0       0       0       0       0       0       0       0       0       0
      Temps:          0       0       0       0       0       0       0       0       0       0       0       0       0       0       0       0       0
      Totals:         5       0       0       0       0       0       0       0       0       0       0       0       0       0       0       0       0
Total ram usage:        5 bytes
 Hardware stack levels used:    1
 This function calls:
		Nothing
 This function is called by:
		_sprintf
 This function uses a non-reentrant model


 *************** function ___lwdiv *****************
 Defined at:
		line 8 in file "C:\Program Files\Microchip\xc8\v1.33\sources\common\lwdiv.c"
 Parameters:    Size  Location     Type
  dividend        2    0[COMRAM] unsigned int 
  divisor         2    2[COMRAM] unsigned int 
 Auto vars:     Size  Location     Type
  quotient        2    4[COMRAM] unsigned int 
  counter         1    6[COMRAM] unsigned char 
 Return value:  Size  Location     Type
                  2    0[COMRAM] unsigned int 
 Registers used:
		wreg, status,2, status,0
 Tracked objects:
		On entry : 
		On exit  : 
		Unchanged: 
 Data sizes:     COMRAM   BANK0   BANK1   BANK2   BANK3   BANK4   BANK5   BANK6   BANK7   BANK8   BANK9  BANK10  BANK11  BANK12  BANK13  BANK14  BANK15
      Params:         4       0       0       0       0       0       0       0       0       0       0       0       0       0       0       0       0
      Locals:         3       0       0       0       0       0       0       0       0       0       0       0       0       0       0       0       0
      Temps:          0       0       0       0       0       0       0       0       0       0       0       0       0       0       0       0       0
      Totals:         7       0       0       0       0       0       0       0       0       0       0       0       0       0       0       0       0
Total ram usage:        7 bytes
 Hardware stack levels used:    1
 This function calls:
		Nothing
 This function is called by:
		_sprintf
 This function uses a non-reentrant model


 *************** function _Right_HorizontalScroll *****************
 Defined at:
		line 343 in file "ssd1306.h"
 Parameters:    Size  Location     Type
  start_page      1    wreg     unsigned char 
  end_page        1    3[COMRAM] unsigned char 
  set_time        1    4[COMRAM] unsigned char 
 Auto vars:     Size  Location     Type
  start_page      1    5[COMRAM] unsigned char 
 Return value:  Size  Location     Type
		None               void
 Registers used:
		wreg, status,2, cstack
 Tracked objects:
		On entry : 
		On exit  : 
		Unchanged: 
 Data sizes:     COMRAM   BANK0   BANK1   BANK2   BANK3   BANK4   BANK5   BANK6   BANK7   BANK8   BANK9  BANK10  BANK11  BANK12  BANK13  BANK14  BANK15
      Params:         2       0       0       0       0       0       0       0       0       0       0       0       0       0       0       0       0
      Locals:         1       0       0       0       0       0       0       0       0       0       0       0       0       0       0       0       0
      Temps:          0       0       0       0       0       0       0       0       0       0       0       0       0       0       0       0       0
      Totals:         3       0       0       0       0       0       0       0       0       0       0       0       0       0       0       0       0
Total ram usage:        3 bytes
 Hardware stack levels used:    1
 Hardware stack levels required when called:    3
 This function calls:
		_Activate_Scroll
		_Deactivate_Scroll
		_Oled_Command
 This function is called by:
		_main
 This function uses a non-reentrant model


 *************** function _Deactivate_Scroll *****************
 Defined at:
		line 389 in file "ssd1306.h"
 Parameters:    Size  Location     Type
		None
 Auto vars:     Size  Location     Type
		None
 Return value:  Size  Location     Type
		None               void
 Registers used:
		wreg, status,2, cstack
 Tracked objects:
		On entry : 
		On exit  : 
		Unchanged: 
 Data sizes:     COMRAM   BANK0   BANK1   BANK2   BANK3   BANK4   BANK5   BANK6   BANK7   BANK8   BANK9  BANK10  BANK11  BANK12  BANK13  BANK14  BANK15
      Params:         0       0       0       0       0       0       0       0       0       0       0       0       0       0       0       0       0
      Locals:         0       0       0       0       0       0       0       0       0       0       0       0       0       0       0       0       0
      Temps:          0       0       0       0       0       0       0       0       0       0       0       0       0       0       0       0       0
      Totals:         0       0       0       0       0       0       0       0       0       0       0       0       0       0       0       0       0
Total ram usage:        0 bytes
 Hardware stack levels used:    1
 Hardware stack levels required when called:    2
 This function calls:
		_Oled_Command
 This function is called by:
		_Right_HorizontalScroll
		_Left_HorizontalScroll
		_VerticalRight_HorizontalScroll
		_VerticalLeft_HorizontalScroll
 This function uses a non-reentrant model


 *************** function _Activate_Scroll *****************
 Defined at:
		line 393 in file "ssd1306.h"
 Parameters:    Size  Location     Type
		None
 Auto vars:     Size  Location     Type
		None
 Return value:  Size  Location     Type
		None               void
 Registers used:
		wreg, status,2, cstack
 Tracked objects:
		On entry : 
		On exit  : 
		Unchanged: 
 Data sizes:     COMRAM   BANK0   BANK1   BANK2   BANK3   BANK4   BANK5   BANK6   BANK7   BANK8   BANK9  BANK10  BANK11  BANK12  BANK13  BANK14  BANK15
      Params:         0       0       0       0       0       0       0       0       0       0       0       0       0       0       0       0       0
      Locals:         0       0       0       0       0       0       0       0       0       0       0       0       0       0       0       0       0
      Temps:          0       0       0       0       0       0       0       0       0       0       0       0       0       0       0       0       0
      Totals:         0       0       0       0       0       0       0       0       0       0       0       0       0       0       0       0       0
Total ram usage:        0 bytes
 Hardware stack levels used:    1
 Hardware stack levels required when called:    2
 This function calls:
		_Oled_Command
 This function is called by:
		_Right_HorizontalScroll
		_main
		_Left_HorizontalScroll
		_VerticalRight_HorizontalScroll
		_VerticalLeft_HorizontalScroll
 This function uses a non-reentrant model


 *************** function _OpenSPI1 *****************
 Defined at:
		line 63 in file "C:\Program Files\Microchip\xc8\v1.33\sources\pic18\plib\SPI\spi1open.c"
 Parameters:    Size  Location     Type
  sync_mode       1    wreg     unsigned char 
  bus_mode        1    0[COMRAM] unsigned char 
  smp_phase       1    1[COMRAM] unsigned char 
 Auto vars:     Size  Location     Type
  sync_mode       1    2[COMRAM] unsigned char 
 Return value:  Size  Location     Type
		None               void
 Registers used:
		wreg, status,2, status,0
 Tracked objects:
		On entry : 
		On exit  : 
		Unchanged: 
 Data sizes:     COMRAM   BANK0   BANK1   BANK2   BANK3   BANK4   BANK5   BANK6   BANK7   BANK8   BANK9  BANK10  BANK11  BANK12  BANK13  BANK14  BANK15
      Params:         2       0       0       0       0       0       0       0       0       0       0       0       0       0       0       0       0
      Locals:         1       0       0       0       0       0       0       0       0       0       0       0       0       0       0       0       0
      Temps:          0       0       0       0       0       0       0       0       0       0       0       0       0       0       0       0       0
      Totals:         3       0       0       0       0       0       0       0       0       0       0       0       0       0       0       0       0
Total ram usage:        3 bytes
 Hardware stack levels used:    1
 This function calls:
		Nothing
 This function is called by:
		_main
 This function uses a non-reentrant model


 *************** function _Oled_Text *****************
 Defined at:
		line 288 in file "ssd1306.h"
 Parameters:    Size  Location     Type
  buffer          2   18[COMRAM] PTR unsigned char 
		 -> main@buffer2(20), 
  seg             1   20[COMRAM] unsigned char 
  pag             1   21[COMRAM] unsigned char 
 Auto vars:     Size  Location     Type
  x_seg           1   22[COMRAM] unsigned char 
 Return value:  Size  Location     Type
		None               void
 Registers used:
		wreg, fsr2l, fsr2h, status,2, status,0, tblptrl, tblptrh, tblptru, prodl, prodh, cstack
 Tracked objects:
		On entry : 
		On exit  : 
		Unchanged: 
 Data sizes:     COMRAM   BANK0   BANK1   BANK2   BANK3   BANK4   BANK5   BANK6   BANK7   BANK8   BANK9  BANK10  BANK11  BANK12  BANK13  BANK14  BANK15
      Params:         4       0       0       0       0       0       0       0       0       0       0       0       0       0       0       0       0
      Locals:         1       0       0       0       0       0       0       0       0       0       0       0       0       0       0       0       0
      Temps:          0       0       0       0       0       0       0       0       0       0       0       0       0       0       0       0       0
      Totals:         5       0       0       0       0       0       0       0       0       0       0       0       0       0       0       0       0
Total ram usage:        5 bytes
 Hardware stack levels used:    1
 Hardware stack levels required when called:    4
 This function calls:
		_Oled_WriteChar
 This function is called by:
		_main
 This function uses a non-reentrant model


 *************** function _Oled_SetFont *****************
 Defined at:
		line 220 in file "ssd1306.h"
 Parameters:    Size  Location     Type
  _font           2    8[COMRAM] PTR const unsigned char 
		 -> Font_6x8(576), Segment_25x40(1625), Terminal12x16(2304), 
  _width          1   10[COMRAM] unsigned char 
  _height         1   11[COMRAM] unsigned char 
  _min            1   12[COMRAM] unsigned char 
  _max            1   13[COMRAM] unsigned char 
 Auto vars:     Size  Location     Type
		None
 Return value:  Size  Location     Type
		None               void
 Registers used:
		wreg, status,2, status,0, prodl, cstack
 Tracked objects:
		On entry : 
		On exit  : 
		Unchanged: 
 Data sizes:     COMRAM   BANK0   BANK1   BANK2   BANK3   BANK4   BANK5   BANK6   BANK7   BANK8   BANK9  BANK10  BANK11  BANK12  BANK13  BANK14  BANK15
      Params:         6       0       0       0       0       0       0       0       0       0       0       0       0       0       0       0       0
      Locals:         0       0       0       0       0       0       0       0       0       0       0       0       0       0       0       0       0
      Temps:          0       0       0       0       0       0       0       0       0       0       0       0       0       0       0       0       0
      Totals:         6       0       0       0       0       0       0       0       0       0       0       0       0       0       0       0       0
Total ram usage:        6 bytes
 Hardware stack levels used:    1
 Hardware stack levels required when called:    1
 This function calls:
		___awdiv
 This function is called by:
		_main
 This function uses a non-reentrant model


 *************** function ___awdiv *****************
 Defined at:
		line 8 in file "C:\Program Files\Microchip\xc8\v1.33\sources\common\awdiv.c"
 Parameters:    Size  Location     Type
  dividend        2    0[COMRAM] int 
  divisor         2    2[COMRAM] int 
 Auto vars:     Size  Location     Type
  quotient        2    6[COMRAM] int 
  sign            1    5[COMRAM] unsigned char 
  counter         1    4[COMRAM] unsigned char 
 Return value:  Size  Location     Type
                  2    0[COMRAM] int 
 Registers used:
		wreg, status,2, status,0, prodl
 Tracked objects:
		On entry : 
		On exit  : 
		Unchanged: 
 Data sizes:     COMRAM   BANK0   BANK1   BANK2   BANK3   BANK4   BANK5   BANK6   BANK7   BANK8   BANK9  BANK10  BANK11  BANK12  BANK13  BANK14  BANK15
      Params:         4       0       0       0       0       0       0       0       0       0       0       0       0       0       0       0       0
      Locals:         4       0       0       0       0       0       0       0       0       0       0       0       0       0       0       0       0
      Temps:          0       0       0       0       0       0       0       0       0       0       0       0       0       0       0       0       0
      Totals:         8       0       0       0       0       0       0       0       0       0       0       0       0       0       0       0       0
Total ram usage:        8 bytes
 Hardware stack levels used:    1
 This function calls:
		Nothing
 This function is called by:
		_Oled_SetFont
 This function uses a non-reentrant model


 *************** function _Oled_Init *****************
 Defined at:
		line 112 in file "ssd1306.h"
 Parameters:    Size  Location     Type
		None
 Auto vars:     Size  Location     Type
		None
 Return value:  Size  Location     Type
		None               void
 Registers used:
		wreg, status,2, status,0, cstack
 Tracked objects:
		On entry : 
		On exit  : 
		Unchanged: 
 Data sizes:     COMRAM   BANK0   BANK1   BANK2   BANK3   BANK4   BANK5   BANK6   BANK7   BANK8   BANK9  BANK10  BANK11  BANK12  BANK13  BANK14  BANK15
      Params:         0       0       0       0       0       0       0       0       0       0       0       0       0       0       0       0       0
      Locals:         0       0       0       0       0       0       0       0       0       0       0       0       0       0       0       0       0
      Temps:          0       0       0       0       0       0       0       0       0       0       0       0       0       0       0       0       0
      Totals:         0       0       0       0       0       0       0       0       0       0       0       0       0       0       0       0       0
Total ram usage:        0 bytes
 Hardware stack levels used:    1
 Hardware stack levels required when called:    4
 This function calls:
		_Oled_Command
		_Oled_Delay
		_Oled_FillScreen
		_Oled_Reset
 This function is called by:
		_main
 This function uses a non-reentrant model


 *************** function _Oled_Reset *****************
 Defined at:
		line 160 in file "ssd1306.h"
 Parameters:    Size  Location     Type
		None
 Auto vars:     Size  Location     Type
		None
 Return value:  Size  Location     Type
		None               void
 Registers used:
		wreg, status,2, status,0, cstack
 Tracked objects:
		On entry : 
		On exit  : 
		Unchanged: 
 Data sizes:     COMRAM   BANK0   BANK1   BANK2   BANK3   BANK4   BANK5   BANK6   BANK7   BANK8   BANK9  BANK10  BANK11  BANK12  BANK13  BANK14  BANK15
      Params:         0       0       0       0       0       0       0       0       0       0       0       0       0       0       0       0       0
      Locals:         0       0       0       0       0       0       0       0       0       0       0       0       0       0       0       0       0
      Temps:          0       0       0       0       0       0       0       0       0       0       0       0       0       0       0       0       0
      Totals:         0       0       0       0       0       0       0       0       0       0       0       0       0       0       0       0       0
Total ram usage:        0 bytes
 Hardware stack levels used:    1
 Hardware stack levels required when called:    1
 This function calls:
		_Oled_Delay
 This function is called by:
		_Oled_Init
 This function uses a non-reentrant model


 *************** function _Oled_Delay *****************
 Defined at:
		line 148 in file "ssd1306.h"
 Parameters:    Size  Location     Type
		None
 Auto vars:     Size  Location     Type
  i               2    1[COMRAM] unsigned int 
 Return value:  Size  Location     Type
		None               void
 Registers used:
		wreg, status,2, status,0
 Tracked objects:
		On entry : 
		On exit  : 
		Unchanged: 
 Data sizes:     COMRAM   BANK0   BANK1   BANK2   BANK3   BANK4   BANK5   BANK6   BANK7   BANK8   BANK9  BANK10  BANK11  BANK12  BANK13  BANK14  BANK15
      Params:         0       0       0       0       0       0       0       0       0       0       0       0       0       0       0       0       0
      Locals:         2       0       0       0       0       0       0       0       0       0       0       0       0       0       0       0       0
      Temps:          1       0       0       0       0       0       0       0       0       0       0       0       0       0       0       0       0
      Totals:         3       0       0       0       0       0       0       0       0       0       0       0       0       0       0       0       0
Total ram usage:        3 bytes
 Hardware stack levels used:    1
 This function calls:
		Nothing
 This function is called by:
		_Oled_Init
		_Oled_Reset
 This function uses a non-reentrant model


 *************** function _Oled_FillScreen *****************
 Defined at:
		line 304 in file "ssd1306.h"
 Parameters:    Size  Location     Type
  pattern         1    wreg     unsigned char 
 Auto vars:     Size  Location     Type
  pattern         1    7[COMRAM] unsigned char 
  i               1    9[COMRAM] unsigned char 
  j               1    8[COMRAM] unsigned char 
 Return value:  Size  Location     Type
		None               void
 Registers used:
		wreg, status,2, status,0, cstack
 Tracked objects:
		On entry : 
		On exit  : 
		Unchanged: 
 Data sizes:     COMRAM   BANK0   BANK1   BANK2   BANK3   BANK4   BANK5   BANK6   BANK7   BANK8   BANK9  BANK10  BANK11  BANK12  BANK13  BANK14  BANK15
      Params:         0       0       0       0       0       0       0       0       0       0       0       0       0       0       0       0       0
      Locals:         3       0       0       0       0       0       0       0       0       0       0       0       0       0       0       0       0
      Temps:          0       0       0       0       0       0       0       0       0       0       0       0       0       0       0       0       0
      Totals:         3       0       0       0       0       0       0       0       0       0       0       0       0       0       0       0       0
Total ram usage:        3 bytes
 Hardware stack levels used:    1
 Hardware stack levels required when called:    3
 This function calls:
		_Oled_SetPointer
		_Oled_WriteRam
 This function is called by:
		_Oled_Init
		_main
 This function uses a non-reentrant model


 *************** function _Oled_Image *****************
 Defined at:
		line 322 in file "ssd1306.h"
 Parameters:    Size  Location     Type
  buffer          2    7[COMRAM] PTR const unsigned char 
		 -> truck_bmp(1024), 
 Auto vars:     Size  Location     Type
  i               1   10[COMRAM] unsigned char 
  j               1    9[COMRAM] unsigned char 
 Return value:  Size  Location     Type
		None               void
 Registers used:
		wreg, status,2, status,0, tblptrl, tblptrh, tblptru, cstack
 Tracked objects:
		On entry : 
		On exit  : 
		Unchanged: 
 Data sizes:     COMRAM   BANK0   BANK1   BANK2   BANK3   BANK4   BANK5   BANK6   BANK7   BANK8   BANK9  BANK10  BANK11  BANK12  BANK13  BANK14  BANK15
      Params:         2       0       0       0       0       0       0       0       0       0       0       0       0       0       0       0       0
      Locals:         2       0       0       0       0       0       0       0       0       0       0       0       0       0       0       0       0
      Temps:          0       0       0       0       0       0       0       0       0       0       0       0       0       0       0       0       0
      Totals:         4       0       0       0       0       0       0       0       0       0       0       0       0       0       0       0       0
Total ram usage:        4 bytes
 Hardware stack levels used:    1
 Hardware stack levels required when called:    3
 This function calls:
		_Oled_SetPointer
		_Oled_WriteRam
 This function is called by:
		_main
 This function uses a non-reentrant model


 *************** function _Oled_ConstText *****************
 Defined at:
		line 270 in file "ssd1306.h"
 Parameters:    Size  Location     Type
  buffer          2   18[COMRAM] PTR const unsigned char 
		 -> STR_5(6), STR_4(8), STR_3(12), STR_2(8), 
		 -> STR_1(12), 
  seg             1   20[COMRAM] unsigned char 
  pag             1   21[COMRAM] unsigned char 
 Auto vars:     Size  Location     Type
  x_seg           1   22[COMRAM] unsigned char 
 Return value:  Size  Location     Type
		None               void
 Registers used:
		wreg, status,2, status,0, tblptrl, tblptrh, tblptru, prodl, prodh, cstack
 Tracked objects:
		On entry : 
		On exit  : 
		Unchanged: 
 Data sizes:     COMRAM   BANK0   BANK1   BANK2   BANK3   BANK4   BANK5   BANK6   BANK7   BANK8   BANK9  BANK10  BANK11  BANK12  BANK13  BANK14  BANK15
      Params:         4       0       0       0       0       0       0       0       0       0       0       0       0       0       0       0       0
      Locals:         1       0       0       0       0       0       0       0       0       0       0       0       0       0       0       0       0
      Temps:          0       0       0       0       0       0       0       0       0       0       0       0       0       0       0       0       0
      Totals:         5       0       0       0       0       0       0       0       0       0       0       0       0       0       0       0       0
Total ram usage:        5 bytes
 Hardware stack levels used:    1
 Hardware stack levels required when called:    4
 This function calls:
		_Oled_WriteChar
 This function is called by:
		_main
 This function uses a non-reentrant model


 *************** function _Oled_WriteChar *****************
 Defined at:
		line 236 in file "ssd1306.h"
 Parameters:    Size  Location     Type
  c               1    wreg     unsigned char 
  seg             1    7[COMRAM] unsigned char 
  pag             1    8[COMRAM] unsigned char 
 Auto vars:     Size  Location     Type
  c               1   11[COMRAM] unsigned char 
  j               2   16[COMRAM] unsigned int 
  i               2   13[COMRAM] unsigned int 
  x_seg           1   15[COMRAM] unsigned char 
  y_pag           1   12[COMRAM] unsigned char 
 Return value:  Size  Location     Type
		None               void
 Registers used:
		wreg, status,2, status,0, tblptrl, tblptrh, tblptru, prodl, prodh, cstack
 Tracked objects:
		On entry : 
		On exit  : 
		Unchanged: 
 Data sizes:     COMRAM   BANK0   BANK1   BANK2   BANK3   BANK4   BANK5   BANK6   BANK7   BANK8   BANK9  BANK10  BANK11  BANK12  BANK13  BANK14  BANK15
      Params:         2       0       0       0       0       0       0       0       0       0       0       0       0       0       0       0       0
      Locals:         7       0       0       0       0       0       0       0       0       0       0       0       0       0       0       0       0
      Temps:          2       0       0       0       0       0       0       0       0       0       0       0       0       0       0       0       0
      Totals:        11       0       0       0       0       0       0       0       0       0       0       0       0       0       0       0       0
Total ram usage:       11 bytes
 Hardware stack levels used:    1
 Hardware stack levels required when called:    3
 This function calls:
		_Oled_SetPointer
		_Oled_WriteRam
		___wmul
 This function is called by:
		_Oled_ConstText
		_Oled_Text
		_main
 This function uses a non-reentrant model


 *************** function ___wmul *****************
 Defined at:
		line 15 in file "C:\Program Files\Microchip\xc8\v1.33\sources\common\Umul16.c"
 Parameters:    Size  Location     Type
  multiplier      2    0[COMRAM] unsigned int 
  multiplicand    2    2[COMRAM] unsigned int 
 Auto vars:     Size  Location     Type
  product         2    4[COMRAM] unsigned int 
 Return value:  Size  Location     Type
                  2    0[COMRAM] unsigned int 
 Registers used:
		wreg, status,2, status,0, prodl, prodh
 Tracked objects:
		On entry : 
		On exit  : 
		Unchanged: 
 Data sizes:     COMRAM   BANK0   BANK1   BANK2   BANK3   BANK4   BANK5   BANK6   BANK7   BANK8   BANK9  BANK10  BANK11  BANK12  BANK13  BANK14  BANK15
      Params:         4       0       0       0       0       0       0       0       0       0       0       0       0       0       0       0       0
      Locals:         2       0       0       0       0       0       0       0       0       0       0       0       0       0       0       0       0
      Temps:          0       0       0       0       0       0       0       0       0       0       0       0       0       0       0       0       0
      Totals:         6       0       0       0       0       0       0       0       0       0       0       0       0       0       0       0       0
Total ram usage:        6 bytes
 Hardware stack levels used:    1
 This function calls:
		Nothing
 This function is called by:
		_Oled_WriteChar
		_sprintf
 This function uses a non-reentrant model


 *************** function _Oled_WriteRam *****************
 Defined at:
		line 183 in file "ssd1306.h"
 Parameters:    Size  Location     Type
  dat             1    wreg     unsigned char 
 Auto vars:     Size  Location     Type
  dat             1    2[COMRAM] unsigned char 
 Return value:  Size  Location     Type
		None               void
 Registers used:
		wreg, status,2, cstack
 Tracked objects:
		On entry : 
		On exit  : 
		Unchanged: 
 Data sizes:     COMRAM   BANK0   BANK1   BANK2   BANK3   BANK4   BANK5   BANK6   BANK7   BANK8   BANK9  BANK10  BANK11  BANK12  BANK13  BANK14  BANK15
      Params:         0       0       0       0       0       0       0       0       0       0       0       0       0       0       0       0       0
      Locals:         1       0       0       0       0       0       0       0       0       0       0       0       0       0       0       0       0
      Temps:          0       0       0       0       0       0       0       0       0       0       0       0       0       0       0       0       0
      Totals:         1       0       0       0       0       0       0       0       0       0       0       0       0       0       0       0       0
Total ram usage:        1 bytes
 Hardware stack levels used:    1
 Hardware stack levels required when called:    1
 This function calls:
		_WriteSPI1
 This function is called by:
		_Oled_WriteChar
		_Oled_FillScreen
		_Oled_Image
 This function uses a non-reentrant model


 *************** function _Oled_SetPointer *****************
 Defined at:
		line 196 in file "ssd1306.h"
 Parameters:    Size  Location     Type
  seg             1    wreg     unsigned char 
  pag             1    3[COMRAM] unsigned char 
 Auto vars:     Size  Location     Type
  seg             1    5[COMRAM] unsigned char 
  hig_column      1    6[COMRAM] unsigned char 
  low_column      1    4[COMRAM] unsigned char 
 Return value:  Size  Location     Type
		None               void
 Registers used:
		wreg, status,2, status,0, cstack
 Tracked objects:
		On entry : 
		On exit  : 
		Unchanged: 
 Data sizes:     COMRAM   BANK0   BANK1   BANK2   BANK3   BANK4   BANK5   BANK6   BANK7   BANK8   BANK9  BANK10  BANK11  BANK12  BANK13  BANK14  BANK15
      Params:         1       0       0       0       0       0       0       0       0       0       0       0       0       0       0       0       0
      Locals:         3       0       0       0       0       0       0       0       0       0       0       0       0       0       0       0       0
      Temps:          0       0       0       0       0       0       0       0       0       0       0       0       0       0       0       0       0
      Totals:         4       0       0       0       0       0       0       0       0       0       0       0       0       0       0       0       0
Total ram usage:        4 bytes
 Hardware stack levels used:    1
 Hardware stack levels required when called:    2
 This function calls:
		_Oled_Command
 This function is called by:
		_Oled_WriteChar
		_Oled_FillScreen
		_Oled_Image
 This function uses a non-reentrant model


 *************** function _Oled_Command *****************
 Defined at:
		line 172 in file "ssd1306.h"
 Parameters:    Size  Location     Type
  cmd             1    wreg     unsigned char 
 Auto vars:     Size  Location     Type
  cmd             1    2[COMRAM] unsigned char 
 Return value:  Size  Location     Type
		None               void
 Registers used:
		wreg, status,2, cstack
 Tracked objects:
		On entry : 
		On exit  : 
		Unchanged: 
 Data sizes:     COMRAM   BANK0   BANK1   BANK2   BANK3   BANK4   BANK5   BANK6   BANK7   BANK8   BANK9  BANK10  BANK11  BANK12  BANK13  BANK14  BANK15
      Params:         0       0       0       0       0       0       0       0       0       0       0       0       0       0       0       0       0
      Locals:         1       0       0       0       0       0       0       0       0       0       0       0       0       0       0       0       0
      Temps:          0       0       0       0       0       0       0       0       0       0       0       0       0       0       0       0       0
      Totals:         1       0       0       0       0       0       0       0       0       0       0       0       0       0       0       0       0
Total ram usage:        1 bytes
 Hardware stack levels used:    1
 Hardware stack levels required when called:    1
 This function calls:
		_WriteSPI1
 This function is called by:
		_Oled_Init
		_Oled_SetPointer
		_Right_HorizontalScroll
		_Deactivate_Scroll
		_Activate_Scroll
		_Left_HorizontalScroll
		_VerticalRight_HorizontalScroll
		_VerticalLeft_HorizontalScroll
 This function uses a non-reentrant model


 *************** function _WriteSPI1 *****************
 Defined at:
		line 13 in file "C:\Program Files\Microchip\xc8\v1.33\sources\pic18\plib\SPI\spi1writ.c"
 Parameters:    Size  Location     Type
  data_out        1    wreg     unsigned char 
 Auto vars:     Size  Location     Type
  data_out        1    1[COMRAM] unsigned char 
  TempVar         1    0[COMRAM] unsigned char 
 Return value:  Size  Location     Type
                  1    wreg      char 
 Registers used:
		wreg
 Tracked objects:
		On entry : 
		On exit  : 
		Unchanged: 
 Data sizes:     COMRAM   BANK0   BANK1   BANK2   BANK3   BANK4   BANK5   BANK6   BANK7   BANK8   BANK9  BANK10  BANK11  BANK12  BANK13  BANK14  BANK15
      Params:         0       0       0       0       0       0       0       0       0       0       0       0       0       0       0       0       0
      Locals:         2       0       0       0       0       0       0       0       0       0       0       0       0       0       0       0       0
      Temps:          0       0       0       0       0       0       0       0       0       0       0       0       0       0       0       0       0
      Totals:         2       0       0       0       0       0       0       0       0       0       0       0       0       0       0       0       0
Total ram usage:        2 bytes
 Hardware stack levels used:    1
 This function calls:
		Nothing
 This function is called by:
		_Oled_Command
		_Oled_WriteRam
 This function uses a non-reentrant model


 *************** function _Delay_ms *****************
 Defined at:
		line 17 in file "my_delays.h"
 Parameters:    Size  Location     Type
  data_ms         2    0[COMRAM] unsigned int 
 Auto vars:     Size  Location     Type
  data_ms1        2    3[COMRAM] unsigned int 
 Return value:  Size  Location     Type
		None               void
 Registers used:
		wreg, status,2, status,0
 Tracked objects:
		On entry : 
		On exit  : 
		Unchanged: 
 Data sizes:     COMRAM   BANK0   BANK1   BANK2   BANK3   BANK4   BANK5   BANK6   BANK7   BANK8   BANK9  BANK10  BANK11  BANK12  BANK13  BANK14  BANK15
      Params:         2       0       0       0       0       0       0       0       0       0       0       0       0       0       0       0       0
      Locals:         2       0       0       0       0       0       0       0       0       0       0       0       0       0       0       0       0
      Temps:          1       0       0       0       0       0       0       0       0       0       0       0       0       0       0       0       0
      Totals:         5       0       0       0       0       0       0       0       0       0       0       0       0       0       0       0       0
Total ram usage:        5 bytes
 Hardware stack levels used:    1
 This function calls:
		Nothing
 This function is called by:
		_main
 This function uses a non-reentrant model



MODULE INFORMATION

Module		Function		Class		Link	Load	Size
C:\Program Files\Microchip\xc8\v1.33\sources\common\isdigit.c
		_isdigit       		CODE           	DF82	0000	32

C:\Program Files\Microchip\xc8\v1.33\sources\common\isdigit.c estimated size: 32

C:\Program Files\Microchip\xc8\v1.33\sources\common\lwdiv.c
		___lwdiv       		CODE           	E1EC	0000	82

C:\Program Files\Microchip\xc8\v1.33\sources\common\lwdiv.c estimated size: 82

C:\Program Files\Microchip\xc8\v1.33\sources\common\awdiv.c
		___awdiv       		CODE           	E294	0000	164

C:\Program Files\Microchip\xc8\v1.33\sources\common\awdiv.c estimated size: 164

ssd1306.h
		_Oled_WriteRam 		CODE           	DF4E	0000	22
		_Right_Horizont		CODE           	E0F0	0000	54
		_Oled_SetPointe		CODE           	E04E	0000	54
		_Oled_WriteChar		CODE           	E3FC	0000	242
		_Deactivate_Scr		CODE           	DF0C	0000	8
		_Oled_Reset    		CODE           	DF14	0000	18
		_Oled_ConstText		CODE           	E126	0000	64
		_Oled_Init     		CODE           	E338	0000	196
		_Oled_FillScree		CODE           	E084	0000	54
		_Oled_Delay    		CODE           	DFC8	0000	42
		_Oled_SetFont  		CODE           	E01E	0000	48
		_Oled_Image    		CODE           	E1A8	0000	68
		_Oled_Text     		CODE           	E0BA	0000	54
		_Activate_Scrol		CODE           	DF04	0000	8
		_Oled_Command  		CODE           	DF38	0000	22

ssd1306.h estimated size: 954

shared
		_Segment_25x40 		MEDIUMCONST    	F333	0000	1625
		_Terminal12x16 		MEDIUMCONST    	EA33	0000	2304
		__stringdata   		MEDIUMCONST    	FFCC	0000	51
		_dpowers       		MEDIUMCONST    	EA29	0000	10
		_Font_6x8      		MEDIUMCONST    	FD8C	0000	576
		__initializatio		CODE           	DF26	0000	12
		_truck_bmp     		MEDIUMCONST    	F98C	0000	1024

shared estimated size: 5602

C:\Program Files\Microchip\xc8\v1.33\sources\pic18\plib\SPI\spi1open.c
		_OpenSPI1      		CODE           	E23E	0000	86

C:\Program Files\Microchip\xc8\v1.33\sources\pic18\plib\SPI\spi1open.c estimated size: 86

C:\Program Files\Microchip\xc8\v1.33\sources\common\doprnt.c
		_sprintf       		CODE           	E76C	0000	700

C:\Program Files\Microchip\xc8\v1.33\sources\common\doprnt.c estimated size: 700

C:\Program Files\Microchip\xc8\v1.33\sources\pic18\plib\SPI\spi1writ.c
		_WriteSPI1     		CODE           	DF64	0000	30

C:\Program Files\Microchip\xc8\v1.33\sources\pic18\plib\SPI\spi1writ.c estimated size: 30

C:\Program Files\Microchip\xc8\v1.33\sources\common\Umul16.c
		___wmul        		CODE           	DFA2	0000	38

C:\Program Files\Microchip\xc8\v1.33\sources\common\Umul16.c estimated size: 38

my_delays.h
		_Delay_ms      		CODE           	DFF2	0000	44

my_delays.h estimated size: 44

main.c
		_main          		CODE           	E4EE	0000	638

main.c estimated size: 638

C:\Program Files\Microchip\xc8\v1.33\sources\common\lwmod.c
		___lwmod       		CODE           	E166	0000	66

C:\Program Files\Microchip\xc8\v1.33\sources\common\lwmod.c estimated size: 66

